<h1> Wrapped test/fixtures/demo2.txt </h1>
<p>
Demo 2 Text File

</p>