<h1> Wrapped test/fixtures/demo1.txt </h1>
<p>
Demo 1 Text File

</p>